=== 0. Паспорт машины ===
CPU(s):                                  4
Model name:                              12th Gen Intel(R) Core(TM) i5-12450H
Thread(s) per core:                      2
Core(s) per socket:                      2
Socket(s):                               1
Flags: (см. ниже)
L1d cache:                               96 KiB (2 instances)
L2 cache:                                2.5 MiB (2 instances)
L3 cache:                                12 MiB (1 instance)
NUMA node(s):                            1
SIMD: avx avx2 fma sse4_2 
               total        used        free      shared  buff/cache   available
Mem:           3.8Gi       1.0Gi       2.1Gi       1.8Mi       898Mi       2.8Gi
6.18.33.2-microsoft-standard-WSL2
g++ (Ubuntu 13.3.0-6ubuntu2~24.04.1) 13.3.0
Python 3.10.19 | NumPy 2.2.6
PMU: breakpoint kprobe msr power software tracepoint uprobe 

=== 1. Задача 1: пропускная способность памяти ===
--- C++, 8000x8000x3 float32
Выделение памяти (732.422 МБ)...
Выполнение 10 итераций копирования...
Общее время: 0.778731 сек
Фактическая пропускная способность памяти: 18.3698 ГиБ/с (19.7244 ГБ/с)
Контроль: dst[last] = 1.5
--- C++, 500x500x3 float32 (помещается в L3)
Выделение памяти (2.86102 МБ)...
Выполнение 1000 итераций копирования...
Общее время: 0.129254 сек
Фактическая пропускная способность памяти: 43.2323 ГиБ/с (46.4203 ГБ/с)
Контроль: dst[last] = 1.5
--- Python/NumPy, 8000x8000x3
Создание массива данных (0.715 ГБ)...
Выполнение 10 итераций копирования...
Общее время: 0.7779 сек
Фактическая пропускная способность памяти: 18.39 ГиБ/с (19.75 ГБ/с)
--- Python/NumPy, 500x500x3
Создание массива данных (0.003 ГБ)...
Выполнение 1000 итераций копирования...
Общее время: 0.1390 сек
Фактическая пропускная способность памяти: 40.20 ГиБ/с (43.16 ГБ/с)

=== 2. Задача 2: скалярное произведение с разными флагами ===
-O0                                20.689 мс   результат 3.97204e+07
-O2                                6.5306 мс   результат 3.97204e+07
-O3                                6.6332 мс   результат 3.97204e+07
-O3 -march=native                  6.3736 мс   результат 3.97204e+07
-O3 -march=native -ffast-math      4.2706 мс   результат 3.7763e+07
... + ^avoid_fma256_chains         4.5184 мс  (с принудительным vfmadd231ps ymm)
--- Python
Размерность векторов: 10000000
Замер нативного цикла Python (может занять время)...
Нативный цикл Python (ndarray): 1.3435 сек
Нативный цикл Python (list, zip): 0.2813 сек
Замер numpy.dot...
NumPy dot: 0.004358 сек (медиана из 21), 4.358 мс
Результаты совпадают: False
  цикл по ndarray: 2470765.25 (тип float32), отн. ошибка 1.2e-02
  цикл по list:    2499792.98 (тип float), отн. ошибка 1.8e-14
  numpy.dot:       2499735.50 (тип float32), отн. ошибка 2.3e-05
  точно (float64): 2499792.98
Ускорение numpy.dot относительно цикла: 308x

=== 3. Задача 3: ассемблер dot_product (локально, как в Godbolt) ===
--- -O0
  basic:    скаляр add/mul: 2, FMA скаляр: 0, add/mul xmm: 0, add/mul ymm: 0, FMA вектор: 0
  restrict: скаляр add/mul: 2, FMA скаляр: 0, add/mul xmm: 0, add/mul ymm: 0, FMA вектор: 0
--- -O3
  basic:    скаляр add/mul: 10, FMA скаляр: 0, add/mul xmm: 1, add/mul ymm: 0, FMA вектор: 0
  restrict: скаляр add/mul: 10, FMA скаляр: 0, add/mul xmm: 1, add/mul ymm: 0, FMA вектор: 0
--- -O3 -march=native
  basic:    скаляр add/mul: 12, FMA скаляр: 3, add/mul xmm: 1, add/mul ymm: 1, FMA вектор: 0
  restrict: скаляр add/mul: 12, FMA скаляр: 3, add/mul xmm: 1, add/mul ymm: 1, FMA вектор: 0
--- -O3 -march=native -ffast-math
  basic:    скаляр add/mul: 0, FMA скаляр: 3, add/mul xmm: 6, add/mul ymm: 2, FMA вектор: 1
  restrict: скаляр add/mul: 0, FMA скаляр: 3, add/mul xmm: 6, add/mul ymm: 2, FMA вектор: 1
--- Основной цикл при -O3 -march=native -ffast-math:
  30:	vmovups ymm4,YMMWORD PTR [rdi+rax*1]
  35:	vmulps ymm0,ymm4,YMMWORD PTR [rcx+rax*1]
  41:	vaddps ymm1,ymm1,ymm0
  47:	vextractf128 xmm3,ymm1,0x1
  88:	vmovups xmm5,XMMWORD PTR [rdi+rsi*4]
  8d:	vfmadd231ps xmm1,xmm5,XMMWORD PTR [rcx+rsi*4]
  c3:	vfmadd231ss xmm0,xmm6,DWORD PTR [rcx+r8*4]
  db:	vfmadd231ss xmm0,xmm7,DWORD PTR [rdi+rsi*1+0x4]
--- То же с -mtune-ctrl=^avoid_fma256_chains:
  30:	vmovups ymm4,YMMWORD PTR [rdi+rax*1]
  35:	vfmadd231ps ymm1,ymm4,YMMWORD PTR [rcx+rax*1]
  44:	vextractf128 xmm3,ymm1,0x1

=== 4. Индивидуальное задание 1 (вариант 6): GEMV 2000x4000 float32 ===
--- -O0 -fopenmp-simd
GEMV 2000x4000 float32: 16.0 MFLOP, 32.0 МБ, AI = 0.500 FLOP/байт, потолок 19.2 GFLOPS
Адреса % 64: A=0 At=0 x=0 y=0; медиана из 30 запусков

Вариант                    мс   GFLOPS  ГБ/с % потолка ошибка
1. по строкам          16.312     0.98     1.96        5.1%   3.6e-05
2. по строкам + omp simd    16.500     0.97     1.94        5.1%   3.6e-05
3. по столбцам (шаг 16 КБ)    24.530     0.65     1.31        3.4%   3.6e-05
4. AXPY, column-major           12.447     1.29     2.57        6.7%   3.6e-05
--- -O2 -fopenmp-simd
GEMV 2000x4000 float32: 16.0 MFLOP, 32.0 МБ, AI = 0.500 FLOP/байт, потолок 19.2 GFLOPS
Адреса % 64: A=0 At=0 x=0 y=0; медиана из 30 запусков

Вариант                    мс   GFLOPS  ГБ/с % потолка ошибка
1. по строкам           4.748     3.37     6.75       17.6%   3.6e-05
2. по строкам + omp simd     2.567     6.23    12.47       32.5%   1.4e-05
3. по столбцам (шаг 16 КБ)    26.793     0.60     1.20        3.1%   3.6e-05
4. AXPY, column-major            2.739     5.84    11.69       30.4%   3.6e-05
--- -O3 -fopenmp-simd
GEMV 2000x4000 float32: 16.0 MFLOP, 32.0 МБ, AI = 0.500 FLOP/байт, потолок 19.2 GFLOPS
Адреса % 64: A=0 At=0 x=0 y=0; медиана из 30 запусков

Вариант                    мс   GFLOPS  ГБ/с % потолка ошибка
1. по строкам           4.474     3.58     7.16       18.6%   3.6e-05
2. по строкам + omp simd     2.413     6.63    13.27       34.6%   1.4e-05
3. по столбцам (шаг 16 КБ)     4.498     3.56     7.12       18.5%   3.6e-05
4. AXPY, column-major            2.147     7.45    14.92       38.9%   3.6e-05
--- -O3 -march=native -fopenmp-simd
GEMV 2000x4000 float32: 16.0 MFLOP, 32.0 МБ, AI = 0.500 FLOP/байт, потолок 19.2 GFLOPS
Адреса % 64: A=0 At=0 x=0 y=0; медиана из 30 запусков

Вариант                    мс   GFLOPS  ГБ/с % потолка ошибка
1. по строкам           4.888     3.27     6.55       17.1%   3.6e-05
2. по строкам + omp simd     2.341     6.83    13.68       35.6%   8.4e-06
3. по столбцам (шаг 16 КБ)     4.798     3.33     6.67       17.4%   3.6e-05
4. AXPY, column-major            2.285     7.00    14.02       36.5%   3.3e-05
--- -O3 -march=native -ffast-math -fopenmp-simd
GEMV 2000x4000 float32: 16.0 MFLOP, 32.0 МБ, AI = 0.500 FLOP/байт, потолок 19.2 GFLOPS
Адреса % 64: A=0 At=0 x=0 y=0; медиана из 30 запусков

Вариант                    мс   GFLOPS  ГБ/с % потолка ошибка
1. по строкам           2.304     6.94    13.90       36.2%   8.4e-06
2. по строкам + omp simd     2.259     7.08    14.17       36.9%   8.4e-06
3. по столбцам (шаг 16 КБ)     4.562     3.51     7.02       18.3%   3.6e-05
4. AXPY, column-major            1.938     8.26    16.53       43.0%   3.3e-05
--- Что сделал -O3 с циклами (отчёт -fopt-info-loop):
src/gemv.cpp:42:26: optimized: loops interchanged in loop nest
--- FP-инструкции при -O3 -march=native (флаг варианта):
  gemv_rows:           скаляр add/mul: 8, FMA скаляр: 0, add/mul xmm: 0, add/mul ymm: 1, FMA вектор: 0
  gemv_rows_simd:      скаляр add/mul: 8, FMA скаляр: 0, add/mul xmm: 0, add/mul ymm: 2, FMA вектор: 0
  gemv_cols:           скаляр add/mul: 4, FMA скаляр: 0, add/mul xmm: 0, add/mul ymm: 0, FMA вектор: 0
  gemv_axpy_colmajor:  скаляр add/mul: 0, FMA скаляр: 0, add/mul xmm: 0, add/mul ymm: 0, FMA вектор: 2
--- NumPy, все 4 vCPU
GEMV 2000x4000 float32, потоков OpenBLAS: по умолчанию
NumPy A @ x:            1.395 мс,  11.47 GFLOPS,  22.96 ГБ/с, ошибка 9.4e-06
NumPy (Fortran-порядок):    1.683 мс,   9.51 GFLOPS
Чистый Python (оценка на 2000 строк):    0.366 с, 0.0438 GFLOPS, ошибка 0.0e+00
--- NumPy, 1 поток на ядре 2
GEMV 2000x4000 float32, потоков OpenBLAS: 1
NumPy A @ x:            1.728 мс,   9.26 GFLOPS,  18.53 ГБ/с, ошибка 9.4e-06
NumPy (Fortran-порядок):    1.633 мс,   9.80 GFLOPS
Сохранено: results/fig_dot_flags.png
